INFO [04-24|16:08:15.400] Starting Geth on Sepolia testnet...
INFO [04-24|16:08:15.402] Maximum peer count                       ETH=50 total=50
INFO [04-24|16:08:15.403] Smartcard socket not found, disabling    err="stat /run/pcscd/pcscd.comm: no such file or directory"
INFO [04-24|16:08:15.407] Set global gas cap                       cap=50,000,000
INFO [04-24|16:08:15.407] Initializing the KZG library             backend=gokzg
INFO [04-24|16:08:15.440] Allocated trie memory caches             clean=154.00MiB dirty=256.00MiB
INFO [04-24|16:08:15.440] Using pebble as the backing database
INFO [04-24|16:08:15.440] Allocated cache and file handles         database=/home/rishav/geth-sepolia/geth/chaindata cache=512.00MiB handles=524,288
INFO [04-24|16:08:15.484] Opened ancient database                  database=/home/rishav/geth-sepolia/geth/chaindata/ancient/chain readonly=false
INFO [04-24|16:08:15.484] State scheme set to already existing     scheme=path
INFO [04-24|16:08:15.485] Initialising Ethereum protocol           network=11,155,111 dbversion=9
INFO [04-24|16:08:15.485] Failed to load journal, discard it       err="journal not found"
INFO [04-24|16:08:15.505] Opened ancient database                  database=/home/rishav/geth-sepolia/geth/chaindata/ancient/state readonly=false
INFO [04-24|16:08:15.505] Initialized path database                cache=154.00MiB buffer=256.00MiB history=90000
INFO [04-24|16:08:15.506] 
INFO [04-24|16:08:15.506] ---------------------------------------------------------------------------------------------------------------------------------------------------------
INFO [04-24|16:08:15.506] Chain ID:  11155111 (sepolia)
INFO [04-24|16:08:15.506] Consensus: Beacon (proof-of-stake), merged from Ethash (proof-of-work)
INFO [04-24|16:08:15.506] 
INFO [04-24|16:08:15.506] Pre-Merge hard forks (block based):
INFO [04-24|16:08:15.506]  - Homestead:                   #0        (https://github.com/ethereum/execution-specs/blob/master/network-upgrades/mainnet-upgrades/homestead.md)
INFO [04-24|16:08:15.506]  - Tangerine Whistle (EIP 150): #0        (https://github.com/ethereum/execution-specs/blob/master/network-upgrades/mainnet-upgrades/tangerine-whistle.md)
INFO [04-24|16:08:15.506]  - Spurious Dragon/1 (EIP 155): #0        (https://github.com/ethereum/execution-specs/blob/master/network-upgrades/mainnet-upgrades/spurious-dragon.md)
INFO [04-24|16:08:15.506]  - Spurious Dragon/2 (EIP 158): #0        (https://github.com/ethereum/execution-specs/blob/master/network-upgrades/mainnet-upgrades/spurious-dragon.md)
INFO [04-24|16:08:15.506]  - Byzantium:                   #0        (https://github.com/ethereum/execution-specs/blob/master/network-upgrades/mainnet-upgrades/byzantium.md)
INFO [04-24|16:08:15.506]  - Constantinople:              #0        (https://github.com/ethereum/execution-specs/blob/master/network-upgrades/mainnet-upgrades/constantinople.md)
INFO [04-24|16:08:15.506]  - Petersburg:                  #0        (https://github.com/ethereum/execution-specs/blob/master/network-upgrades/mainnet-upgrades/petersburg.md)
INFO [04-24|16:08:15.506]  - Istanbul:                    #0        (https://github.com/ethereum/execution-specs/blob/master/network-upgrades/mainnet-upgrades/istanbul.md)
INFO [04-24|16:08:15.506]  - Muir Glacier:                #0        (https://github.com/ethereum/execution-specs/blob/master/network-upgrades/mainnet-upgrades/muir-glacier.md)
INFO [04-24|16:08:15.506]  - Berlin:                      #0        (https://github.com/ethereum/execution-specs/blob/master/network-upgrades/mainnet-upgrades/berlin.md)
INFO [04-24|16:08:15.506]  - London:                      #0        (https://github.com/ethereum/execution-specs/blob/master/network-upgrades/mainnet-upgrades/london.md)
INFO [04-24|16:08:15.506] 
INFO [04-24|16:08:15.506] Merge configured:
INFO [04-24|16:08:15.506]  - Hard-fork specification:    https://github.com/ethereum/execution-specs/blob/master/network-upgrades/mainnet-upgrades/paris.md
INFO [04-24|16:08:15.506]  - Network known to be merged
INFO [04-24|16:08:15.506]  - Total terminal difficulty:  17000000000000000
INFO [04-24|16:08:15.506]  - Merge netsplit block:       #1735371 
INFO [04-24|16:08:15.506] 
INFO [04-24|16:08:15.506] Post-Merge hard forks (timestamp based):
INFO [04-24|16:08:15.506]  - Shanghai:                    @1677557088 (https://github.com/ethereum/execution-specs/blob/master/network-upgrades/mainnet-upgrades/shanghai.md)
INFO [04-24|16:08:15.506]  - Cancun:                      @1706655072 (https://github.com/ethereum/execution-specs/blob/master/network-upgrades/mainnet-upgrades/cancun.md)
INFO [04-24|16:08:15.506]  - Prague:                      @1741159776
INFO [04-24|16:08:15.506] 
INFO [04-24|16:08:15.506] ---------------------------------------------------------------------------------------------------------------------------------------------------------
INFO [04-24|16:08:15.506] 
INFO [04-24|16:08:15.507] Loaded most recent local block           number=0 hash=25a5cc..3e6dd9 age=3y7mo1w
WARN [04-24|16:08:15.507] Loaded snapshot journal                  diffs=missing
INFO [04-24|16:08:15.507] Initialized transaction indexer          range="last 2350000 blocks"
WARN [04-24|16:08:15.507] Invalid log index database version; resetting log index
INFO [04-24|16:08:15.522] Enabled snap sync                        head=0 hash=25a5cc..3e6dd9
INFO [04-24|16:08:15.522] Gasprice oracle is ignoring threshold set threshold=2
WARN [04-24|16:08:15.523] Unclean shutdown detected                booted=2025-04-24T16:06:29+0530 age=1m46s
WARN [04-24|16:08:15.524] Engine API enabled                       protocol=eth
INFO [04-24|16:08:15.524] Starting peer-to-peer node               instance=Geth/v1.15.9-stable-74165a8f/linux-amd64/go1.24.2
INFO [04-24|16:08:15.567] New local node record                    seq=1,745,489,189,757 id=a44683994de9a496 ip=127.0.0.1 udp=30303 tcp=30303
INFO [04-24|16:08:15.578] Started P2P networking                   self=enode://5a832b96ab5763b02c0aacd91404cebc1eccae94c8a538a4fc6520d1df63ada9158592ccc724727c56e9413fbd5e532714617618cd15e208a6edb5026b36b812@127.0.0.1:30303
INFO [04-24|16:08:15.579] IPC endpoint opened                      url=/home/rishav/geth-sepolia/geth.ipc
INFO [04-24|16:08:15.580] Loaded JWT secret file                   path=jwtsecret crc32=0xbccac1a8
INFO [04-24|16:08:15.580] HTTP server started                      endpoint=127.0.0.1:8545 auth=false prefix= cors= vhosts=localhost
INFO [04-24|16:08:15.580] WebSocket enabled                        url=ws://127.0.0.1:8551
INFO [04-24|16:08:15.580] HTTP server started                      endpoint=127.0.0.1:8551 auth=true  prefix= cors=localhost vhosts=*
INFO [04-24|16:08:15.581] Started log indexer
INFO [04-24|16:08:18.191] New local node record                    seq=1,745,489,189,758 id=a44683994de9a496 ip=112.196.119.53 udp=30303 tcp=30303
WARN [04-24|16:08:31.347] Forkchoice requested unknown head        hash=953cfe..488b52
WARN [04-24|16:08:56.809] Ignoring payload while snap syncing      number=8,185,344 hash=4a3743..8cf180 reason="forced head needed for startup"
INFO [04-24|16:08:57.932] Forkchoice requested sync to new head    number=8,185,344 hash=4a3743..8cf180 finalized=unknown
INFO [04-24|16:08:58.008] Forkchoice requested sync to new head    number=8,185,345 hash=3b0234..834695 finalized=unknown
INFO [04-24|16:08:58.080] Forkchoice requested sync to new head    number=8,185,346 hash=b364e5..491d8d finalized=unknown
INFO [04-24|16:08:58.154] Forkchoice requested sync to new head    number=8,185,347 hash=7250ed..0d5417 finalized=unknown
INFO [04-24|16:08:58.231] Forkchoice requested sync to new head    number=8,185,348 hash=46ffca..ef3371 finalized=unknown
INFO [04-24|16:08:58.256] Forkchoice requested sync to new head    number=8,185,349 hash=83fabe..a2d5fa finalized=unknown
INFO [04-24|16:08:58.349] Forkchoice requested sync to new head    number=8,185,350 hash=18ae3d..acff96 finalized=unknown
INFO [04-24|16:08:58.420] Forkchoice requested sync to new head    number=8,185,351 hash=195437..8377ac finalized=unknown
INFO [04-24|16:08:58.458] Forkchoice requested sync to new head    number=8,185,352 hash=2e6809..514722 finalized=unknown
INFO [04-24|16:08:58.482] Forkchoice requested sync to new head    number=8,185,353 hash=ca0eb6..6d8c84 finalized=unknown
INFO [04-24|16:08:58.547] Forkchoice requested sync to new head    number=8,185,354 hash=c89667..725b9c finalized=unknown
INFO [04-24|16:08:58.575] Forkchoice requested sync to new head    number=8,185,355 hash=15f9a5..20b3ff finalized=unknown
INFO [04-24|16:08:58.583] Syncing beacon headers                   downloaded=512 left=4,082,466 eta=1h26m20.647s
INFO [04-24|16:08:58.655] Forkchoice requested sync to new head    number=8,185,356 hash=56f043..428bf4 finalized=unknown
INFO [04-24|16:08:58.710] Forkchoice requested sync to new head    number=8,185,357 hash=918592..c65c97 finalized=unknown
INFO [04-24|16:08:58.750] Forkchoice requested sync to new head    number=8,185,358 hash=3147e9..1c53ee finalized=unknown
INFO [04-24|16:08:58.774] Forkchoice requested sync to new head    number=8,185,359 hash=1ff5fb..d8a3f0 finalized=unknown
INFO [04-24|16:08:58.791] Forkchoice requested sync to new head    number=8,185,360 hash=7ec121..886460 finalized=unknown
INFO [04-24|16:08:58.809] Forkchoice requested sync to new head    number=8,185,361 hash=7366b1..40de2a finalized=unknown
INFO [04-24|16:08:58.879] Forkchoice requested sync to new head    number=8,185,362 hash=ac85c8..5cf06e finalized=unknown
INFO [04-24|16:08:58.906] Forkchoice requested sync to new head    number=8,185,363 hash=07c182..2f833b finalized=unknown
INFO [04-24|16:08:58.974] Forkchoice requested sync to new head    number=8,185,364 hash=aa50b8..d7c202 finalized=unknown
INFO [04-24|16:08:59.031] Forkchoice requested sync to new head    number=8,185,365 hash=07c94e..db75f9 finalized=unknown
INFO [04-24|16:08:59.105] Forkchoice requested sync to new head    number=8,185,366 hash=b554ed..4b1abd finalized=unknown
INFO [04-24|16:08:59.124] Forkchoice requested sync to new head    number=8,185,367 hash=9a22db..06dbda finalized=unknown
INFO [04-24|16:08:59.147] Forkchoice requested sync to new head    number=8,185,368 hash=2013cf..49b1a7 finalized=unknown
INFO [04-24|16:08:59.192] Forkchoice requested sync to new head    number=8,185,369 hash=c5d8d1..b39647 finalized=unknown
INFO [04-24|16:08:59.217] Forkchoice requested sync to new head    number=8,185,370 hash=280a73..a75569 finalized=unknown
INFO [04-24|16:08:59.242] Forkchoice requested sync to new head    number=8,185,371 hash=dc1787..d17d83 finalized=unknown
INFO [04-24|16:08:59.265] Forkchoice requested sync to new head    number=8,185,372 hash=b2b810..63b50a finalized=unknown
INFO [04-24|16:08:59.288] Forkchoice requested sync to new head    number=8,185,373 hash=49e736..074961 finalized=unknown
INFO [04-24|16:08:59.319] Forkchoice requested sync to new head    number=8,185,374 hash=c64bd9..13b9c0 finalized=unknown
INFO [04-24|16:08:59.348] Forkchoice requested sync to new head    number=8,185,375 hash=6fdf82..fdd0bf finalized=unknown
INFO [04-24|16:09:01.953] Forkchoice requested sync to new head    number=8,185,376 hash=efa117..a1700b finalized=unknown
INFO [04-24|16:09:06.606] Syncing beacon headers                   downloaded=65024 left=4,017,954 eta=8m55.940s
INFO [04-24|16:09:15.164] Syncing beacon headers                   downloaded=129,024 left=3,953,954 eta=8m48.036s
INFO [04-24|16:09:15.940] Forkchoice requested sync to new head    number=8,185,377 hash=cf2647..23532d finalized=unknown
INFO [04-24|16:09:23.584] Syncing beacon headers                   downloaded=176,128 left=3,906,850 eta=9m28.994s
INFO [04-24|16:09:32.135] Syncing beacon headers                   downloaded=214,016 left=3,868,962 eta=10m18.303s
INFO [04-24|16:09:40.415] Syncing beacon headers                   downloaded=286,720 left=3,796,258 eta=9m22.472s
INFO [04-24|16:09:48.009] Forkchoice requested sync to new head    number=8,185,377 hash=cf2647..23532d finalized=unknown
INFO [04-24|16:09:48.469] Syncing beacon headers                   downloaded=359,936 left=3,723,042 eta=8m42.721s
INFO [04-24|16:09:56.517] Syncing beacon headers                   downloaded=420,352 left=3,662,626 eta=8m30.459s
INFO [04-24|16:10:03.762] Forkchoice requested sync to new head    number=8,185,378 hash=ec350c..c246c3 finalized=unknown
INFO [04-24|16:10:03.781] Forkchoice requested sync to new head    number=8,185,379 hash=d70782..2e0701 finalized=unknown
INFO [04-24|16:10:03.872] Forkchoice requested sync to new head    number=8,185,380 hash=53464c..082bfe finalized=unknown
INFO [04-24|16:10:05.095] Syncing beacon headers                   downloaded=481,280 left=3,601,698 eta=8m22.609s
INFO [04-24|16:10:13.096] Syncing beacon headers                   downloaded=554,496 left=3,528,482 eta=7m58.294s
INFO [04-24|16:10:21.197] Syncing beacon headers                   downloaded=620,544 left=3,462,434 eta=7m44.584s
INFO [04-24|16:10:29.358] Syncing beacon headers                   downloaded=689,664 left=3,393,314 eta=7m29.831s
INFO [04-24|16:10:36.009] Forkchoice requested sync to new head    number=8,185,380 hash=53464c..082bfe finalized=unknown
INFO [04-24|16:10:37.519] Syncing beacon headers                   downloaded=771,584 left=3,311,394 eta=7m7.392s
INFO [04-24|16:10:45.526] Syncing beacon headers                   downloaded=844,800 left=3,238,178 eta=6m52.413s
INFO [04-24|16:10:53.751] Syncing beacon headers                   downloaded=920,576 left=3,162,402 eta=6m37.862s
INFO [04-24|16:11:01.778] Syncing beacon headers                   downloaded=1,002,496 left=3,080,482 eta=6m20.552s
INFO [04-24|16:11:09.885] Syncing beacon headers                   downloaded=1,077,760 left=3,005,218 eta=6m7.933s
INFO [04-24|16:11:12.005] Forkchoice requested sync to new head    number=8,185,380 hash=53464c..082bfe finalized=unknown
INFO [04-24|16:11:17.965] Syncing beacon headers                   downloaded=1,182,208 left=2,900,770 eta=5m43.595s
INFO [04-24|16:11:26.036] Syncing beacon headers                   downloaded=1,295,872 left=2,787,106 eta=5m18.532s
INFO [04-24|16:11:26.422] Forkchoice requested sync to new head    number=8,185,381 hash=da1e71..6621cb finalized=unknown
INFO [04-24|16:11:26.450] Forkchoice requested sync to new head    number=8,185,382 hash=b02161..849c18 finalized=unknown
INFO [04-24|16:11:26.466] Forkchoice requested sync to new head    number=8,185,383 hash=b78a22..e3e680 finalized=unknown
INFO [04-24|16:11:26.481] Forkchoice requested sync to new head    number=8,185,384 hash=b9c924..013426 finalized=unknown
INFO [04-24|16:11:26.546] Forkchoice requested sync to new head    number=8,185,385 hash=23cb26..922dac finalized=unknown
INFO [04-24|16:11:26.581] Forkchoice requested sync to new head    number=8,185,386 hash=680597..8f7a71 finalized=unknown
INFO [04-24|16:11:26.628] Forkchoice requested sync to new head    number=8,185,387 hash=693d7f..d7905d finalized=unknown
INFO [04-24|16:11:34.743] Syncing beacon headers                   downloaded=1,440,256 left=2,642,722 eta=4m47.730s
INFO [04-24|16:11:36.008] Forkchoice requested sync to new head    number=8,185,387 hash=693d7f..d7905d finalized=unknown
INFO [04-24|16:11:42.842] Syncing beacon headers                   downloaded=1,560,576 left=2,522,402 eta=4m26.546s
INFO [04-24|16:11:50.946] Syncing beacon headers                   downloaded=1,651,200 left=2,431,778 eta=4m14.802s
INFO [04-24|16:11:59.195] Syncing beacon headers                   downloaded=1,758,720 left=2,324,258 eta=3m59.549s
INFO [04-24|16:12:07.459] Syncing beacon headers                   downloaded=1,874,944 left=2,208,034 eta=3m43.196s
INFO [04-24|16:12:12.006] Forkchoice requested sync to new head    number=8,185,387 hash=693d7f..d7905d finalized=unknown
INFO [04-24|16:12:13.857] Forkchoice requested sync to new head    number=8,185,388 hash=e5cec3..e1d3dd finalized=unknown
INFO [04-24|16:12:13.874] Forkchoice requested sync to new head    number=8,185,389 hash=63d89a..3c888f finalized=unknown
INFO [04-24|16:12:13.891] Forkchoice requested sync to new head    number=8,185,390 hash=2b92bc..bf6e43 finalized=unknown
INFO [04-24|16:12:14.615] Forkchoice requested sync to new head    number=8,185,391 hash=d404e5..0ecd6e finalized=unknown
INFO [04-24|16:12:15.907] Syncing beacon headers                   downloaded=2,007,552 left=2,075,426 eta=3m24.667s
INFO [04-24|16:12:23.937] Syncing beacon headers                   downloaded=2,125,312 left=1,957,666 eta=3m9.754s
INFO [04-24|16:12:32.102] Syncing beacon headers                   downloaded=2,240,512 left=1,842,466 eta=2m56.120s
INFO [04-24|16:12:40.302] Syncing beacon headers                   downloaded=2,349,568 left=1,733,410 eta=2m44.054s
INFO [04-24|16:12:48.004] Forkchoice requested sync to new head    number=8,185,391 hash=d404e5..0ecd6e finalized=unknown
INFO [04-24|16:12:48.349] Syncing beacon headers                   downloaded=2,465,792 left=1,617,186 eta=2m31.118s
INFO [04-24|16:12:56.616] Syncing beacon headers                   downloaded=2,596,864 left=1,486,114 eta=2m16.591s
INFO [04-24|16:13:04.710] Syncing beacon headers                   downloaded=2,735,616 left=1,347,362 eta=2m1.543s
INFO [04-24|16:13:13.023] Syncing beacon headers                   downloaded=2,862,080 left=1,220,898 eta=1m48.815s
INFO [04-24|16:13:21.418] Syncing beacon headers                   downloaded=3,018,240 left=1,064,738 eta=1m32.949s
